

================================================================
== Vivado HLS Report for 'algo_unpacked'
================================================================
* Date:           Tue Nov 27 16:35:13 2018

* Version:        2018.2 (Build 2258646 on Thu Jun 14 20:25:20 MDT 2018)
* Project:        test_algo_project
* Solution:       solution1
* Product family: virtex7
* Target device:  xc7vx690tffg1927-2


================================================================
== Performance Estimates
================================================================
+ Timing (ns): 
    * Summary: 
    +--------+-------+----------+------------+
    |  Clock | Target| Estimated| Uncertainty|
    +--------+-------+----------+------------+
    |ap_clk  |   8.33|     1.514|        1.04|
    +--------+-------+----------+------------+

+ Latency (clock cycles): 
    * Summary: 
    +-----+-----+-----+-----+----------+
    |  Latency  |  Interval | Pipeline |
    | min | max | min | max |   Type   |
    +-----+-----+-----+-----+----------+
    |    0|    0|    1|    1| function |
    +-----+-----+-----+-----+----------+

    + Detail: 
        * Instance: 
        N/A

        * Loop: 
        N/A



================================================================
== Utilization Estimates
================================================================
* Summary: 
+-----------------+---------+-------+--------+--------+
|       Name      | BRAM_18K| DSP48E|   FF   |   LUT  |
+-----------------+---------+-------+--------+--------+
|DSP              |        -|      -|       -|       -|
|Expression       |        -|      -|       0|   11232|
|FIFO             |        -|      -|       -|       -|
|Instance         |        -|      -|       -|       -|
|Memory           |        -|      -|       -|       -|
|Multiplexer      |        -|      -|       -|       -|
|Register         |        -|      -|       -|       -|
+-----------------+---------+-------+--------+--------+
|Total            |        0|      0|       0|   11232|
+-----------------+---------+-------+--------+--------+
|Available        |     2940|   3600|  866400|  433200|
+-----------------+---------+-------+--------+--------+
|Utilization (%)  |        0|      0|       0|       2|
+-----------------+---------+-------+--------+--------+

+ Detail: 
    * Instance: 
    N/A

    * DSP48: 
    N/A

    * Memory: 
    N/A

    * FIFO: 
    N/A

    * Expression: 
    +-----------------------------+----------+-------+---+-----+------------+------------+
    |        Variable Name        | Operation| DSP48E| FF| LUT | Bitwidth P0| Bitwidth P1|
    +-----------------------------+----------+-------+---+-----+------------+------------+
    |loc_V_1_trunc_10_fu_2330_p2  |     +    |      0|  0|   39|           2|          32|
    |loc_V_1_trunc_11_fu_2432_p2  |     +    |      0|  0|   39|           2|          32|
    |loc_V_1_trunc_12_fu_2534_p2  |     +    |      0|  0|   39|           2|          32|
    |loc_V_1_trunc_13_fu_2636_p2  |     +    |      0|  0|   39|           2|          32|
    |loc_V_1_trunc_14_fu_2738_p2  |     +    |      0|  0|   39|           2|          32|
    |loc_V_1_trunc_15_fu_2840_p2  |     +    |      0|  0|   39|           2|          32|
    |loc_V_1_trunc_16_fu_2942_p2  |     +    |      0|  0|   39|           2|          32|
    |loc_V_1_trunc_17_fu_3044_p2  |     +    |      0|  0|   39|           2|          32|
    |loc_V_1_trunc_18_fu_3146_p2  |     +    |      0|  0|   39|           2|          32|
    |loc_V_1_trunc_19_fu_3248_p2  |     +    |      0|  0|   39|           2|          32|
    |loc_V_1_trunc_1_fu_1310_p2   |     +    |      0|  0|   39|           2|          32|
    |loc_V_1_trunc_20_fu_3350_p2  |     +    |      0|  0|   39|           2|          32|
    |loc_V_1_trunc_21_fu_3452_p2  |     +    |      0|  0|   39|           2|          32|
    |loc_V_1_trunc_22_fu_3554_p2  |     +    |      0|  0|   39|           2|          32|
    |loc_V_1_trunc_23_fu_3656_p2  |     +    |      0|  0|   39|           2|          32|
    |loc_V_1_trunc_24_fu_3758_p2  |     +    |      0|  0|   39|           2|          32|
    |loc_V_1_trunc_25_fu_3860_p2  |     +    |      0|  0|   39|           2|          32|
    |loc_V_1_trunc_26_fu_3962_p2  |     +    |      0|  0|   39|           2|          32|
    |loc_V_1_trunc_27_fu_4064_p2  |     +    |      0|  0|   39|           2|          32|
    |loc_V_1_trunc_28_fu_4166_p2  |     +    |      0|  0|   39|           2|          32|
    |loc_V_1_trunc_29_fu_4268_p2  |     +    |      0|  0|   39|           2|          32|
    |loc_V_1_trunc_2_fu_1412_p2   |     +    |      0|  0|   39|           2|          32|
    |loc_V_1_trunc_30_fu_4370_p2  |     +    |      0|  0|   39|           2|          32|
    |loc_V_1_trunc_31_fu_4472_p2  |     +    |      0|  0|   39|           2|          32|
    |loc_V_1_trunc_32_fu_4574_p2  |     +    |      0|  0|   39|           2|          32|
    |loc_V_1_trunc_33_fu_4676_p2  |     +    |      0|  0|   39|           2|          32|
    |loc_V_1_trunc_34_fu_4778_p2  |     +    |      0|  0|   39|           2|          32|
    |loc_V_1_trunc_35_fu_4880_p2  |     +    |      0|  0|   39|           2|          32|
    |loc_V_1_trunc_36_fu_4982_p2  |     +    |      0|  0|   39|           2|          32|
    |loc_V_1_trunc_37_fu_5084_p2  |     +    |      0|  0|   39|           2|          32|
    |loc_V_1_trunc_38_fu_5186_p2  |     +    |      0|  0|   39|           2|          32|
    |loc_V_1_trunc_39_fu_5288_p2  |     +    |      0|  0|   39|           2|          32|
    |loc_V_1_trunc_3_fu_1514_p2   |     +    |      0|  0|   39|           2|          32|
    |loc_V_1_trunc_40_fu_5390_p2  |     +    |      0|  0|   39|           2|          32|
    |loc_V_1_trunc_41_fu_5492_p2  |     +    |      0|  0|   39|           2|          32|
    |loc_V_1_trunc_42_fu_5594_p2  |     +    |      0|  0|   39|           2|          32|
    |loc_V_1_trunc_43_fu_5696_p2  |     +    |      0|  0|   39|           2|          32|
    |loc_V_1_trunc_44_fu_5798_p2  |     +    |      0|  0|   39|           2|          32|
    |loc_V_1_trunc_45_fu_5900_p2  |     +    |      0|  0|   39|           2|          32|
    |loc_V_1_trunc_46_fu_6002_p2  |     +    |      0|  0|   39|           2|          32|
    |loc_V_1_trunc_4_fu_1616_p2   |     +    |      0|  0|   39|           2|          32|
    |loc_V_1_trunc_5_fu_1718_p2   |     +    |      0|  0|   39|           2|          32|
    |loc_V_1_trunc_6_fu_1820_p2   |     +    |      0|  0|   39|           2|          32|
    |loc_V_1_trunc_7_fu_1922_p2   |     +    |      0|  0|   39|           2|          32|
    |loc_V_1_trunc_8_fu_2024_p2   |     +    |      0|  0|   39|           2|          32|
    |loc_V_1_trunc_9_fu_2126_p2   |     +    |      0|  0|   39|           2|          32|
    |loc_V_1_trunc_fu_1208_p2     |     +    |      0|  0|   39|           2|          32|
    |loc_V_1_trunc_s_fu_2228_p2   |     +    |      0|  0|   39|           2|          32|
    |loc_V_2_trunc_10_fu_2348_p2  |     +    |      0|  0|   39|           2|          32|
    |loc_V_2_trunc_11_fu_2450_p2  |     +    |      0|  0|   39|           2|          32|
    |loc_V_2_trunc_12_fu_2552_p2  |     +    |      0|  0|   39|           2|          32|
    |loc_V_2_trunc_13_fu_2654_p2  |     +    |      0|  0|   39|           2|          32|
    |loc_V_2_trunc_14_fu_2756_p2  |     +    |      0|  0|   39|           2|          32|
    |loc_V_2_trunc_15_fu_2858_p2  |     +    |      0|  0|   39|           2|          32|
    |loc_V_2_trunc_16_fu_2960_p2  |     +    |      0|  0|   39|           2|          32|
    |loc_V_2_trunc_17_fu_3062_p2  |     +    |      0|  0|   39|           2|          32|
    |loc_V_2_trunc_18_fu_3164_p2  |     +    |      0|  0|   39|           2|          32|
    |loc_V_2_trunc_19_fu_3266_p2  |     +    |      0|  0|   39|           2|          32|
    |loc_V_2_trunc_1_fu_1328_p2   |     +    |      0|  0|   39|           2|          32|
    |loc_V_2_trunc_20_fu_3368_p2  |     +    |      0|  0|   39|           2|          32|
    |loc_V_2_trunc_21_fu_3470_p2  |     +    |      0|  0|   39|           2|          32|
    |loc_V_2_trunc_22_fu_3572_p2  |     +    |      0|  0|   39|           2|          32|
    |loc_V_2_trunc_23_fu_3674_p2  |     +    |      0|  0|   39|           2|          32|
    |loc_V_2_trunc_24_fu_3776_p2  |     +    |      0|  0|   39|           2|          32|
    |loc_V_2_trunc_25_fu_3878_p2  |     +    |      0|  0|   39|           2|          32|
    |loc_V_2_trunc_26_fu_3980_p2  |     +    |      0|  0|   39|           2|          32|
    |loc_V_2_trunc_27_fu_4082_p2  |     +    |      0|  0|   39|           2|          32|
    |loc_V_2_trunc_28_fu_4184_p2  |     +    |      0|  0|   39|           2|          32|
    |loc_V_2_trunc_29_fu_4286_p2  |     +    |      0|  0|   39|           2|          32|
    |loc_V_2_trunc_2_fu_1430_p2   |     +    |      0|  0|   39|           2|          32|
    |loc_V_2_trunc_30_fu_4388_p2  |     +    |      0|  0|   39|           2|          32|
    |loc_V_2_trunc_31_fu_4490_p2  |     +    |      0|  0|   39|           2|          32|
    |loc_V_2_trunc_32_fu_4592_p2  |     +    |      0|  0|   39|           2|          32|
    |loc_V_2_trunc_33_fu_4694_p2  |     +    |      0|  0|   39|           2|          32|
    |loc_V_2_trunc_34_fu_4796_p2  |     +    |      0|  0|   39|           2|          32|
    |loc_V_2_trunc_35_fu_4898_p2  |     +    |      0|  0|   39|           2|          32|
    |loc_V_2_trunc_36_fu_5000_p2  |     +    |      0|  0|   39|           2|          32|
    |loc_V_2_trunc_37_fu_5102_p2  |     +    |      0|  0|   39|           2|          32|
    |loc_V_2_trunc_38_fu_5204_p2  |     +    |      0|  0|   39|           2|          32|
    |loc_V_2_trunc_39_fu_5306_p2  |     +    |      0|  0|   39|           2|          32|
    |loc_V_2_trunc_3_fu_1532_p2   |     +    |      0|  0|   39|           2|          32|
    |loc_V_2_trunc_40_fu_5408_p2  |     +    |      0|  0|   39|           2|          32|
    |loc_V_2_trunc_41_fu_5510_p2  |     +    |      0|  0|   39|           2|          32|
    |loc_V_2_trunc_42_fu_5612_p2  |     +    |      0|  0|   39|           2|          32|
    |loc_V_2_trunc_43_fu_5714_p2  |     +    |      0|  0|   39|           2|          32|
    |loc_V_2_trunc_44_fu_5816_p2  |     +    |      0|  0|   39|           2|          32|
    |loc_V_2_trunc_45_fu_5918_p2  |     +    |      0|  0|   39|           2|          32|
    |loc_V_2_trunc_46_fu_6020_p2  |     +    |      0|  0|   39|           2|          32|
    |loc_V_2_trunc_4_fu_1634_p2   |     +    |      0|  0|   39|           2|          32|
    |loc_V_2_trunc_5_fu_1736_p2   |     +    |      0|  0|   39|           2|          32|
    |loc_V_2_trunc_6_fu_1838_p2   |     +    |      0|  0|   39|           2|          32|
    |loc_V_2_trunc_7_fu_1940_p2   |     +    |      0|  0|   39|           2|          32|
    |loc_V_2_trunc_8_fu_2042_p2   |     +    |      0|  0|   39|           2|          32|
    |loc_V_2_trunc_9_fu_2144_p2   |     +    |      0|  0|   39|           2|          32|
    |loc_V_2_trunc_fu_1226_p2     |     +    |      0|  0|   39|           2|          32|
    |loc_V_2_trunc_s_fu_2246_p2   |     +    |      0|  0|   39|           2|          32|
    |loc_V_3_trunc_10_fu_2364_p2  |     +    |      0|  0|   39|           3|          32|
    |loc_V_3_trunc_11_fu_2466_p2  |     +    |      0|  0|   39|           3|          32|
    |loc_V_3_trunc_12_fu_2568_p2  |     +    |      0|  0|   39|           3|          32|
    |loc_V_3_trunc_13_fu_2670_p2  |     +    |      0|  0|   39|           3|          32|
    |loc_V_3_trunc_14_fu_2772_p2  |     +    |      0|  0|   39|           3|          32|
    |loc_V_3_trunc_15_fu_2874_p2  |     +    |      0|  0|   39|           3|          32|
    |loc_V_3_trunc_16_fu_2976_p2  |     +    |      0|  0|   39|           3|          32|
    |loc_V_3_trunc_17_fu_3078_p2  |     +    |      0|  0|   39|           3|          32|
    |loc_V_3_trunc_18_fu_3180_p2  |     +    |      0|  0|   39|           3|          32|
    |loc_V_3_trunc_19_fu_3282_p2  |     +    |      0|  0|   39|           3|          32|
    |loc_V_3_trunc_1_fu_1344_p2   |     +    |      0|  0|   39|           3|          32|
    |loc_V_3_trunc_20_fu_3384_p2  |     +    |      0|  0|   39|           3|          32|
    |loc_V_3_trunc_21_fu_3486_p2  |     +    |      0|  0|   39|           3|          32|
    |loc_V_3_trunc_22_fu_3588_p2  |     +    |      0|  0|   39|           3|          32|
    |loc_V_3_trunc_23_fu_3690_p2  |     +    |      0|  0|   39|           3|          32|
    |loc_V_3_trunc_24_fu_3792_p2  |     +    |      0|  0|   39|           3|          32|
    |loc_V_3_trunc_25_fu_3894_p2  |     +    |      0|  0|   39|           3|          32|
    |loc_V_3_trunc_26_fu_3996_p2  |     +    |      0|  0|   39|           3|          32|
    |loc_V_3_trunc_27_fu_4098_p2  |     +    |      0|  0|   39|           3|          32|
    |loc_V_3_trunc_28_fu_4200_p2  |     +    |      0|  0|   39|           3|          32|
    |loc_V_3_trunc_29_fu_4302_p2  |     +    |      0|  0|   39|           3|          32|
    |loc_V_3_trunc_2_fu_1446_p2   |     +    |      0|  0|   39|           3|          32|
    |loc_V_3_trunc_30_fu_4404_p2  |     +    |      0|  0|   39|           3|          32|
    |loc_V_3_trunc_31_fu_4506_p2  |     +    |      0|  0|   39|           3|          32|
    |loc_V_3_trunc_32_fu_4608_p2  |     +    |      0|  0|   39|           3|          32|
    |loc_V_3_trunc_33_fu_4710_p2  |     +    |      0|  0|   39|           3|          32|
    |loc_V_3_trunc_34_fu_4812_p2  |     +    |      0|  0|   39|           3|          32|
    |loc_V_3_trunc_35_fu_4914_p2  |     +    |      0|  0|   39|           3|          32|
    |loc_V_3_trunc_36_fu_5016_p2  |     +    |      0|  0|   39|           3|          32|
    |loc_V_3_trunc_37_fu_5118_p2  |     +    |      0|  0|   39|           3|          32|
    |loc_V_3_trunc_38_fu_5220_p2  |     +    |      0|  0|   39|           3|          32|
    |loc_V_3_trunc_39_fu_5322_p2  |     +    |      0|  0|   39|           3|          32|
    |loc_V_3_trunc_3_fu_1548_p2   |     +    |      0|  0|   39|           3|          32|
    |loc_V_3_trunc_40_fu_5424_p2  |     +    |      0|  0|   39|           3|          32|
    |loc_V_3_trunc_41_fu_5526_p2  |     +    |      0|  0|   39|           3|          32|
    |loc_V_3_trunc_42_fu_5628_p2  |     +    |      0|  0|   39|           3|          32|
    |loc_V_3_trunc_43_fu_5730_p2  |     +    |      0|  0|   39|           3|          32|
    |loc_V_3_trunc_44_fu_5832_p2  |     +    |      0|  0|   39|           3|          32|
    |loc_V_3_trunc_45_fu_5934_p2  |     +    |      0|  0|   39|           3|          32|
    |loc_V_3_trunc_46_fu_6036_p2  |     +    |      0|  0|   39|           3|          32|
    |loc_V_3_trunc_4_fu_1650_p2   |     +    |      0|  0|   39|           3|          32|
    |loc_V_3_trunc_5_fu_1752_p2   |     +    |      0|  0|   39|           3|          32|
    |loc_V_3_trunc_6_fu_1854_p2   |     +    |      0|  0|   39|           3|          32|
    |loc_V_3_trunc_7_fu_1956_p2   |     +    |      0|  0|   39|           3|          32|
    |loc_V_3_trunc_8_fu_2058_p2   |     +    |      0|  0|   39|           3|          32|
    |loc_V_3_trunc_9_fu_2160_p2   |     +    |      0|  0|   39|           3|          32|
    |loc_V_3_trunc_fu_1242_p2     |     +    |      0|  0|   39|           3|          32|
    |loc_V_3_trunc_s_fu_2262_p2   |     +    |      0|  0|   39|           3|          32|
    |loc_V_4_trunc_10_fu_2382_p2  |     +    |      0|  0|   39|           3|          32|
    |loc_V_4_trunc_11_fu_2484_p2  |     +    |      0|  0|   39|           3|          32|
    |loc_V_4_trunc_12_fu_2586_p2  |     +    |      0|  0|   39|           3|          32|
    |loc_V_4_trunc_13_fu_2688_p2  |     +    |      0|  0|   39|           3|          32|
    |loc_V_4_trunc_14_fu_2790_p2  |     +    |      0|  0|   39|           3|          32|
    |loc_V_4_trunc_15_fu_2892_p2  |     +    |      0|  0|   39|           3|          32|
    |loc_V_4_trunc_16_fu_2994_p2  |     +    |      0|  0|   39|           3|          32|
    |loc_V_4_trunc_17_fu_3096_p2  |     +    |      0|  0|   39|           3|          32|
    |loc_V_4_trunc_18_fu_3198_p2  |     +    |      0|  0|   39|           3|          32|
    |loc_V_4_trunc_19_fu_3300_p2  |     +    |      0|  0|   39|           3|          32|
    |loc_V_4_trunc_1_fu_1362_p2   |     +    |      0|  0|   39|           3|          32|
    |loc_V_4_trunc_20_fu_3402_p2  |     +    |      0|  0|   39|           3|          32|
    |loc_V_4_trunc_21_fu_3504_p2  |     +    |      0|  0|   39|           3|          32|
    |loc_V_4_trunc_22_fu_3606_p2  |     +    |      0|  0|   39|           3|          32|
    |loc_V_4_trunc_23_fu_3708_p2  |     +    |      0|  0|   39|           3|          32|
    |loc_V_4_trunc_24_fu_3810_p2  |     +    |      0|  0|   39|           3|          32|
    |loc_V_4_trunc_25_fu_3912_p2  |     +    |      0|  0|   39|           3|          32|
    |loc_V_4_trunc_26_fu_4014_p2  |     +    |      0|  0|   39|           3|          32|
    |loc_V_4_trunc_27_fu_4116_p2  |     +    |      0|  0|   39|           3|          32|
    |loc_V_4_trunc_28_fu_4218_p2  |     +    |      0|  0|   39|           3|          32|
    |loc_V_4_trunc_29_fu_4320_p2  |     +    |      0|  0|   39|           3|          32|
    |loc_V_4_trunc_2_fu_1464_p2   |     +    |      0|  0|   39|           3|          32|
    |loc_V_4_trunc_30_fu_4422_p2  |     +    |      0|  0|   39|           3|          32|
    |loc_V_4_trunc_31_fu_4524_p2  |     +    |      0|  0|   39|           3|          32|
    |loc_V_4_trunc_32_fu_4626_p2  |     +    |      0|  0|   39|           3|          32|
    |loc_V_4_trunc_33_fu_4728_p2  |     +    |      0|  0|   39|           3|          32|
    |loc_V_4_trunc_34_fu_4830_p2  |     +    |      0|  0|   39|           3|          32|
    |loc_V_4_trunc_35_fu_4932_p2  |     +    |      0|  0|   39|           3|          32|
    |loc_V_4_trunc_36_fu_5034_p2  |     +    |      0|  0|   39|           3|          32|
    |loc_V_4_trunc_37_fu_5136_p2  |     +    |      0|  0|   39|           3|          32|
    |loc_V_4_trunc_38_fu_5238_p2  |     +    |      0|  0|   39|           3|          32|
    |loc_V_4_trunc_39_fu_5340_p2  |     +    |      0|  0|   39|           3|          32|
    |loc_V_4_trunc_3_fu_1566_p2   |     +    |      0|  0|   39|           3|          32|
    |loc_V_4_trunc_40_fu_5442_p2  |     +    |      0|  0|   39|           3|          32|
    |loc_V_4_trunc_41_fu_5544_p2  |     +    |      0|  0|   39|           3|          32|
    |loc_V_4_trunc_42_fu_5646_p2  |     +    |      0|  0|   39|           3|          32|
    |loc_V_4_trunc_43_fu_5748_p2  |     +    |      0|  0|   39|           3|          32|
    |loc_V_4_trunc_44_fu_5850_p2  |     +    |      0|  0|   39|           3|          32|
    |loc_V_4_trunc_45_fu_5952_p2  |     +    |      0|  0|   39|           3|          32|
    |loc_V_4_trunc_46_fu_6054_p2  |     +    |      0|  0|   39|           3|          32|
    |loc_V_4_trunc_4_fu_1668_p2   |     +    |      0|  0|   39|           3|          32|
    |loc_V_4_trunc_5_fu_1770_p2   |     +    |      0|  0|   39|           3|          32|
    |loc_V_4_trunc_6_fu_1872_p2   |     +    |      0|  0|   39|           3|          32|
    |loc_V_4_trunc_7_fu_1974_p2   |     +    |      0|  0|   39|           3|          32|
    |loc_V_4_trunc_8_fu_2076_p2   |     +    |      0|  0|   39|           3|          32|
    |loc_V_4_trunc_9_fu_2178_p2   |     +    |      0|  0|   39|           3|          32|
    |loc_V_4_trunc_fu_1260_p2     |     +    |      0|  0|   39|           3|          32|
    |loc_V_4_trunc_s_fu_2280_p2   |     +    |      0|  0|   39|           3|          32|
    |loc_V_5_trunc_10_fu_2398_p2  |     +    |      0|  0|   39|           3|          32|
    |loc_V_5_trunc_11_fu_2500_p2  |     +    |      0|  0|   39|           3|          32|
    |loc_V_5_trunc_12_fu_2602_p2  |     +    |      0|  0|   39|           3|          32|
    |loc_V_5_trunc_13_fu_2704_p2  |     +    |      0|  0|   39|           3|          32|
    |loc_V_5_trunc_14_fu_2806_p2  |     +    |      0|  0|   39|           3|          32|
    |loc_V_5_trunc_15_fu_2908_p2  |     +    |      0|  0|   39|           3|          32|
    |loc_V_5_trunc_16_fu_3010_p2  |     +    |      0|  0|   39|           3|          32|
    |loc_V_5_trunc_17_fu_3112_p2  |     +    |      0|  0|   39|           3|          32|
    |loc_V_5_trunc_18_fu_3214_p2  |     +    |      0|  0|   39|           3|          32|
    |loc_V_5_trunc_19_fu_3316_p2  |     +    |      0|  0|   39|           3|          32|
    |loc_V_5_trunc_1_fu_1378_p2   |     +    |      0|  0|   39|           3|          32|
    |loc_V_5_trunc_20_fu_3418_p2  |     +    |      0|  0|   39|           3|          32|
    |loc_V_5_trunc_21_fu_3520_p2  |     +    |      0|  0|   39|           3|          32|
    |loc_V_5_trunc_22_fu_3622_p2  |     +    |      0|  0|   39|           3|          32|
    |loc_V_5_trunc_23_fu_3724_p2  |     +    |      0|  0|   39|           3|          32|
    |loc_V_5_trunc_24_fu_3826_p2  |     +    |      0|  0|   39|           3|          32|
    |loc_V_5_trunc_25_fu_3928_p2  |     +    |      0|  0|   39|           3|          32|
    |loc_V_5_trunc_26_fu_4030_p2  |     +    |      0|  0|   39|           3|          32|
    |loc_V_5_trunc_27_fu_4132_p2  |     +    |      0|  0|   39|           3|          32|
    |loc_V_5_trunc_28_fu_4234_p2  |     +    |      0|  0|   39|           3|          32|
    |loc_V_5_trunc_29_fu_4336_p2  |     +    |      0|  0|   39|           3|          32|
    |loc_V_5_trunc_2_fu_1480_p2   |     +    |      0|  0|   39|           3|          32|
    |loc_V_5_trunc_30_fu_4438_p2  |     +    |      0|  0|   39|           3|          32|
    |loc_V_5_trunc_31_fu_4540_p2  |     +    |      0|  0|   39|           3|          32|
    |loc_V_5_trunc_32_fu_4642_p2  |     +    |      0|  0|   39|           3|          32|
    |loc_V_5_trunc_33_fu_4744_p2  |     +    |      0|  0|   39|           3|          32|
    |loc_V_5_trunc_34_fu_4846_p2  |     +    |      0|  0|   39|           3|          32|
    |loc_V_5_trunc_35_fu_4948_p2  |     +    |      0|  0|   39|           3|          32|
    |loc_V_5_trunc_36_fu_5050_p2  |     +    |      0|  0|   39|           3|          32|
    |loc_V_5_trunc_37_fu_5152_p2  |     +    |      0|  0|   39|           3|          32|
    |loc_V_5_trunc_38_fu_5254_p2  |     +    |      0|  0|   39|           3|          32|
    |loc_V_5_trunc_39_fu_5356_p2  |     +    |      0|  0|   39|           3|          32|
    |loc_V_5_trunc_3_fu_1582_p2   |     +    |      0|  0|   39|           3|          32|
    |loc_V_5_trunc_40_fu_5458_p2  |     +    |      0|  0|   39|           3|          32|
    |loc_V_5_trunc_41_fu_5560_p2  |     +    |      0|  0|   39|           3|          32|
    |loc_V_5_trunc_42_fu_5662_p2  |     +    |      0|  0|   39|           3|          32|
    |loc_V_5_trunc_43_fu_5764_p2  |     +    |      0|  0|   39|           3|          32|
    |loc_V_5_trunc_44_fu_5866_p2  |     +    |      0|  0|   39|           3|          32|
    |loc_V_5_trunc_45_fu_5968_p2  |     +    |      0|  0|   39|           3|          32|
    |loc_V_5_trunc_46_fu_6070_p2  |     +    |      0|  0|   39|           3|          32|
    |loc_V_5_trunc_4_fu_1684_p2   |     +    |      0|  0|   39|           3|          32|
    |loc_V_5_trunc_5_fu_1786_p2   |     +    |      0|  0|   39|           3|          32|
    |loc_V_5_trunc_6_fu_1888_p2   |     +    |      0|  0|   39|           3|          32|
    |loc_V_5_trunc_7_fu_1990_p2   |     +    |      0|  0|   39|           3|          32|
    |loc_V_5_trunc_8_fu_2092_p2   |     +    |      0|  0|   39|           3|          32|
    |loc_V_5_trunc_9_fu_2194_p2   |     +    |      0|  0|   39|           3|          32|
    |loc_V_5_trunc_fu_1276_p2     |     +    |      0|  0|   39|           3|          32|
    |loc_V_5_trunc_s_fu_2296_p2   |     +    |      0|  0|   39|           3|          32|
    |loc_V_trunc_10_fu_2314_p2    |     +    |      0|  0|   39|           1|          32|
    |loc_V_trunc_11_fu_2416_p2    |     +    |      0|  0|   39|           1|          32|
    |loc_V_trunc_12_fu_2518_p2    |     +    |      0|  0|   39|           1|          32|
    |loc_V_trunc_13_fu_2620_p2    |     +    |      0|  0|   39|           1|          32|
    |loc_V_trunc_14_fu_2722_p2    |     +    |      0|  0|   39|           1|          32|
    |loc_V_trunc_15_fu_2824_p2    |     +    |      0|  0|   39|           1|          32|
    |loc_V_trunc_16_fu_2926_p2    |     +    |      0|  0|   39|           1|          32|
    |loc_V_trunc_17_fu_3028_p2    |     +    |      0|  0|   39|           1|          32|
    |loc_V_trunc_18_fu_3130_p2    |     +    |      0|  0|   39|           1|          32|
    |loc_V_trunc_19_fu_3232_p2    |     +    |      0|  0|   39|           1|          32|
    |loc_V_trunc_1_fu_1294_p2     |     +    |      0|  0|   39|           1|          32|
    |loc_V_trunc_20_fu_3334_p2    |     +    |      0|  0|   39|           1|          32|
    |loc_V_trunc_21_fu_3436_p2    |     +    |      0|  0|   39|           1|          32|
    |loc_V_trunc_22_fu_3538_p2    |     +    |      0|  0|   39|           1|          32|
    |loc_V_trunc_23_fu_3640_p2    |     +    |      0|  0|   39|           1|          32|
    |loc_V_trunc_24_fu_3742_p2    |     +    |      0|  0|   39|           1|          32|
    |loc_V_trunc_25_fu_3844_p2    |     +    |      0|  0|   39|           1|          32|
    |loc_V_trunc_26_fu_3946_p2    |     +    |      0|  0|   39|           1|          32|
    |loc_V_trunc_27_fu_4048_p2    |     +    |      0|  0|   39|           1|          32|
    |loc_V_trunc_28_fu_4150_p2    |     +    |      0|  0|   39|           1|          32|
    |loc_V_trunc_29_fu_4252_p2    |     +    |      0|  0|   39|           1|          32|
    |loc_V_trunc_2_fu_1396_p2     |     +    |      0|  0|   39|           1|          32|
    |loc_V_trunc_30_fu_4354_p2    |     +    |      0|  0|   39|           1|          32|
    |loc_V_trunc_31_fu_4456_p2    |     +    |      0|  0|   39|           1|          32|
    |loc_V_trunc_32_fu_4558_p2    |     +    |      0|  0|   39|           1|          32|
    |loc_V_trunc_33_fu_4660_p2    |     +    |      0|  0|   39|           1|          32|
    |loc_V_trunc_34_fu_4762_p2    |     +    |      0|  0|   39|           1|          32|
    |loc_V_trunc_35_fu_4864_p2    |     +    |      0|  0|   39|           1|          32|
    |loc_V_trunc_36_fu_4966_p2    |     +    |      0|  0|   39|           1|          32|
    |loc_V_trunc_37_fu_5068_p2    |     +    |      0|  0|   39|           1|          32|
    |loc_V_trunc_38_fu_5170_p2    |     +    |      0|  0|   39|           1|          32|
    |loc_V_trunc_39_fu_5272_p2    |     +    |      0|  0|   39|           1|          32|
    |loc_V_trunc_3_fu_1498_p2     |     +    |      0|  0|   39|           1|          32|
    |loc_V_trunc_40_fu_5374_p2    |     +    |      0|  0|   39|           1|          32|
    |loc_V_trunc_41_fu_5476_p2    |     +    |      0|  0|   39|           1|          32|
    |loc_V_trunc_42_fu_5578_p2    |     +    |      0|  0|   39|           1|          32|
    |loc_V_trunc_43_fu_5680_p2    |     +    |      0|  0|   39|           1|          32|
    |loc_V_trunc_44_fu_5782_p2    |     +    |      0|  0|   39|           1|          32|
    |loc_V_trunc_45_fu_5884_p2    |     +    |      0|  0|   39|           1|          32|
    |loc_V_trunc_46_fu_5986_p2    |     +    |      0|  0|   39|           1|          32|
    |loc_V_trunc_4_fu_1600_p2     |     +    |      0|  0|   39|           1|          32|
    |loc_V_trunc_5_fu_1702_p2     |     +    |      0|  0|   39|           1|          32|
    |loc_V_trunc_6_fu_1804_p2     |     +    |      0|  0|   39|           1|          32|
    |loc_V_trunc_7_fu_1906_p2     |     +    |      0|  0|   39|           1|          32|
    |loc_V_trunc_8_fu_2008_p2     |     +    |      0|  0|   39|           1|          32|
    |loc_V_trunc_9_fu_2110_p2     |     +    |      0|  0|   39|           1|          32|
    |loc_V_trunc_fu_1192_p2       |     +    |      0|  0|   39|           1|          32|
    |loc_V_trunc_s_fu_2212_p2     |     +    |      0|  0|   39|           1|          32|
    +-----------------------------+----------+-------+---+-----+------------+------------+
    |Total                        |          |      0|  0|11232|         672|        9216|
    +-----------------------------+----------+-------+---+-----+------------+------------+

    * Multiplexer: 
    N/A

    * Register: 
    N/A



================================================================
== Interface
================================================================
* Summary: 
+---------------------+-----+-----+------------+---------------------+--------------+
|      RTL Ports      | Dir | Bits|  Protocol  |    Source Object    |    C Type    |
+---------------------+-----+-----+------------+---------------------+--------------+
|ap_ready             | out |    1| ap_ctrl_hs |    algo_unpacked    | return value |
|ap_return_0          | out |   64| ap_ctrl_hs |    algo_unpacked    | return value |
|ap_return_1          | out |   64| ap_ctrl_hs |    algo_unpacked    | return value |
|ap_return_2          | out |   64| ap_ctrl_hs |    algo_unpacked    | return value |
|ap_return_3          | out |   64| ap_ctrl_hs |    algo_unpacked    | return value |
|ap_return_4          | out |   64| ap_ctrl_hs |    algo_unpacked    | return value |
|ap_return_5          | out |   64| ap_ctrl_hs |    algo_unpacked    | return value |
|ap_return_6          | out |   64| ap_ctrl_hs |    algo_unpacked    | return value |
|ap_return_7          | out |   64| ap_ctrl_hs |    algo_unpacked    | return value |
|ap_return_8          | out |   64| ap_ctrl_hs |    algo_unpacked    | return value |
|ap_return_9          | out |   64| ap_ctrl_hs |    algo_unpacked    | return value |
|ap_return_10         | out |   64| ap_ctrl_hs |    algo_unpacked    | return value |
|ap_return_11         | out |   64| ap_ctrl_hs |    algo_unpacked    | return value |
|ap_return_12         | out |   64| ap_ctrl_hs |    algo_unpacked    | return value |
|ap_return_13         | out |   64| ap_ctrl_hs |    algo_unpacked    | return value |
|ap_return_14         | out |   64| ap_ctrl_hs |    algo_unpacked    | return value |
|ap_return_15         | out |   64| ap_ctrl_hs |    algo_unpacked    | return value |
|ap_return_16         | out |   64| ap_ctrl_hs |    algo_unpacked    | return value |
|ap_return_17         | out |   64| ap_ctrl_hs |    algo_unpacked    | return value |
|ap_return_18         | out |   64| ap_ctrl_hs |    algo_unpacked    | return value |
|ap_return_19         | out |   64| ap_ctrl_hs |    algo_unpacked    | return value |
|ap_return_20         | out |   64| ap_ctrl_hs |    algo_unpacked    | return value |
|ap_return_21         | out |   64| ap_ctrl_hs |    algo_unpacked    | return value |
|ap_return_22         | out |   64| ap_ctrl_hs |    algo_unpacked    | return value |
|ap_return_23         | out |   64| ap_ctrl_hs |    algo_unpacked    | return value |
|ap_return_24         | out |   64| ap_ctrl_hs |    algo_unpacked    | return value |
|ap_return_25         | out |   64| ap_ctrl_hs |    algo_unpacked    | return value |
|ap_return_26         | out |   64| ap_ctrl_hs |    algo_unpacked    | return value |
|ap_return_27         | out |   64| ap_ctrl_hs |    algo_unpacked    | return value |
|ap_return_28         | out |   64| ap_ctrl_hs |    algo_unpacked    | return value |
|ap_return_29         | out |   64| ap_ctrl_hs |    algo_unpacked    | return value |
|ap_return_30         | out |   64| ap_ctrl_hs |    algo_unpacked    | return value |
|ap_return_31         | out |   64| ap_ctrl_hs |    algo_unpacked    | return value |
|ap_return_32         | out |   64| ap_ctrl_hs |    algo_unpacked    | return value |
|ap_return_33         | out |   64| ap_ctrl_hs |    algo_unpacked    | return value |
|ap_return_34         | out |   64| ap_ctrl_hs |    algo_unpacked    | return value |
|ap_return_35         | out |   64| ap_ctrl_hs |    algo_unpacked    | return value |
|ap_return_36         | out |   64| ap_ctrl_hs |    algo_unpacked    | return value |
|ap_return_37         | out |   64| ap_ctrl_hs |    algo_unpacked    | return value |
|ap_return_38         | out |   64| ap_ctrl_hs |    algo_unpacked    | return value |
|ap_return_39         | out |   64| ap_ctrl_hs |    algo_unpacked    | return value |
|ap_return_40         | out |   64| ap_ctrl_hs |    algo_unpacked    | return value |
|ap_return_41         | out |   64| ap_ctrl_hs |    algo_unpacked    | return value |
|ap_return_42         | out |   64| ap_ctrl_hs |    algo_unpacked    | return value |
|ap_return_43         | out |   64| ap_ctrl_hs |    algo_unpacked    | return value |
|ap_return_44         | out |   64| ap_ctrl_hs |    algo_unpacked    | return value |
|ap_return_45         | out |   64| ap_ctrl_hs |    algo_unpacked    | return value |
|ap_return_46         | out |   64| ap_ctrl_hs |    algo_unpacked    | return value |
|ap_return_47         | out |   64| ap_ctrl_hs |    algo_unpacked    | return value |
|ap_return_48         | out |   64| ap_ctrl_hs |    algo_unpacked    | return value |
|ap_return_49         | out |   64| ap_ctrl_hs |    algo_unpacked    | return value |
|ap_return_50         | out |   64| ap_ctrl_hs |    algo_unpacked    | return value |
|ap_return_51         | out |   64| ap_ctrl_hs |    algo_unpacked    | return value |
|ap_return_52         | out |   64| ap_ctrl_hs |    algo_unpacked    | return value |
|ap_return_53         | out |   64| ap_ctrl_hs |    algo_unpacked    | return value |
|ap_return_54         | out |   64| ap_ctrl_hs |    algo_unpacked    | return value |
|ap_return_55         | out |   64| ap_ctrl_hs |    algo_unpacked    | return value |
|ap_return_56         | out |   64| ap_ctrl_hs |    algo_unpacked    | return value |
|ap_return_57         | out |   64| ap_ctrl_hs |    algo_unpacked    | return value |
|ap_return_58         | out |   64| ap_ctrl_hs |    algo_unpacked    | return value |
|ap_return_59         | out |   64| ap_ctrl_hs |    algo_unpacked    | return value |
|ap_return_60         | out |   64| ap_ctrl_hs |    algo_unpacked    | return value |
|ap_return_61         | out |   64| ap_ctrl_hs |    algo_unpacked    | return value |
|ap_return_62         | out |   64| ap_ctrl_hs |    algo_unpacked    | return value |
|ap_return_63         | out |   64| ap_ctrl_hs |    algo_unpacked    | return value |
|ap_return_64         | out |   64| ap_ctrl_hs |    algo_unpacked    | return value |
|ap_return_65         | out |   64| ap_ctrl_hs |    algo_unpacked    | return value |
|ap_return_66         | out |   64| ap_ctrl_hs |    algo_unpacked    | return value |
|ap_return_67         | out |   64| ap_ctrl_hs |    algo_unpacked    | return value |
|ap_return_68         | out |   64| ap_ctrl_hs |    algo_unpacked    | return value |
|ap_return_69         | out |   64| ap_ctrl_hs |    algo_unpacked    | return value |
|ap_return_70         | out |   64| ap_ctrl_hs |    algo_unpacked    | return value |
|ap_return_71         | out |   64| ap_ctrl_hs |    algo_unpacked    | return value |
|ap_return_72         | out |   64| ap_ctrl_hs |    algo_unpacked    | return value |
|ap_return_73         | out |   64| ap_ctrl_hs |    algo_unpacked    | return value |
|ap_return_74         | out |   64| ap_ctrl_hs |    algo_unpacked    | return value |
|ap_return_75         | out |   64| ap_ctrl_hs |    algo_unpacked    | return value |
|ap_return_76         | out |   64| ap_ctrl_hs |    algo_unpacked    | return value |
|ap_return_77         | out |   64| ap_ctrl_hs |    algo_unpacked    | return value |
|ap_return_78         | out |   64| ap_ctrl_hs |    algo_unpacked    | return value |
|ap_return_79         | out |   64| ap_ctrl_hs |    algo_unpacked    | return value |
|ap_return_80         | out |   64| ap_ctrl_hs |    algo_unpacked    | return value |
|ap_return_81         | out |   64| ap_ctrl_hs |    algo_unpacked    | return value |
|ap_return_82         | out |   64| ap_ctrl_hs |    algo_unpacked    | return value |
|ap_return_83         | out |   64| ap_ctrl_hs |    algo_unpacked    | return value |
|ap_return_84         | out |   64| ap_ctrl_hs |    algo_unpacked    | return value |
|ap_return_85         | out |   64| ap_ctrl_hs |    algo_unpacked    | return value |
|ap_return_86         | out |   64| ap_ctrl_hs |    algo_unpacked    | return value |
|ap_return_87         | out |   64| ap_ctrl_hs |    algo_unpacked    | return value |
|ap_return_88         | out |   64| ap_ctrl_hs |    algo_unpacked    | return value |
|ap_return_89         | out |   64| ap_ctrl_hs |    algo_unpacked    | return value |
|ap_return_90         | out |   64| ap_ctrl_hs |    algo_unpacked    | return value |
|ap_return_91         | out |   64| ap_ctrl_hs |    algo_unpacked    | return value |
|ap_return_92         | out |   64| ap_ctrl_hs |    algo_unpacked    | return value |
|ap_return_93         | out |   64| ap_ctrl_hs |    algo_unpacked    | return value |
|ap_return_94         | out |   64| ap_ctrl_hs |    algo_unpacked    | return value |
|ap_return_95         | out |   64| ap_ctrl_hs |    algo_unpacked    | return value |
|ap_return_96         | out |   64| ap_ctrl_hs |    algo_unpacked    | return value |
|ap_return_97         | out |   64| ap_ctrl_hs |    algo_unpacked    | return value |
|ap_return_98         | out |   64| ap_ctrl_hs |    algo_unpacked    | return value |
|ap_return_99         | out |   64| ap_ctrl_hs |    algo_unpacked    | return value |
|ap_return_100        | out |   64| ap_ctrl_hs |    algo_unpacked    | return value |
|ap_return_101        | out |   64| ap_ctrl_hs |    algo_unpacked    | return value |
|ap_return_102        | out |   64| ap_ctrl_hs |    algo_unpacked    | return value |
|ap_return_103        | out |   64| ap_ctrl_hs |    algo_unpacked    | return value |
|ap_return_104        | out |   64| ap_ctrl_hs |    algo_unpacked    | return value |
|ap_return_105        | out |   64| ap_ctrl_hs |    algo_unpacked    | return value |
|ap_return_106        | out |   64| ap_ctrl_hs |    algo_unpacked    | return value |
|ap_return_107        | out |   64| ap_ctrl_hs |    algo_unpacked    | return value |
|ap_return_108        | out |   64| ap_ctrl_hs |    algo_unpacked    | return value |
|ap_return_109        | out |   64| ap_ctrl_hs |    algo_unpacked    | return value |
|ap_return_110        | out |   64| ap_ctrl_hs |    algo_unpacked    | return value |
|ap_return_111        | out |   64| ap_ctrl_hs |    algo_unpacked    | return value |
|ap_return_112        | out |   64| ap_ctrl_hs |    algo_unpacked    | return value |
|ap_return_113        | out |   64| ap_ctrl_hs |    algo_unpacked    | return value |
|ap_return_114        | out |   64| ap_ctrl_hs |    algo_unpacked    | return value |
|ap_return_115        | out |   64| ap_ctrl_hs |    algo_unpacked    | return value |
|ap_return_116        | out |   64| ap_ctrl_hs |    algo_unpacked    | return value |
|ap_return_117        | out |   64| ap_ctrl_hs |    algo_unpacked    | return value |
|ap_return_118        | out |   64| ap_ctrl_hs |    algo_unpacked    | return value |
|ap_return_119        | out |   64| ap_ctrl_hs |    algo_unpacked    | return value |
|ap_return_120        | out |   64| ap_ctrl_hs |    algo_unpacked    | return value |
|ap_return_121        | out |   64| ap_ctrl_hs |    algo_unpacked    | return value |
|ap_return_122        | out |   64| ap_ctrl_hs |    algo_unpacked    | return value |
|ap_return_123        | out |   64| ap_ctrl_hs |    algo_unpacked    | return value |
|ap_return_124        | out |   64| ap_ctrl_hs |    algo_unpacked    | return value |
|ap_return_125        | out |   64| ap_ctrl_hs |    algo_unpacked    | return value |
|ap_return_126        | out |   64| ap_ctrl_hs |    algo_unpacked    | return value |
|ap_return_127        | out |   64| ap_ctrl_hs |    algo_unpacked    | return value |
|ap_return_128        | out |   64| ap_ctrl_hs |    algo_unpacked    | return value |
|ap_return_129        | out |   64| ap_ctrl_hs |    algo_unpacked    | return value |
|ap_return_130        | out |   64| ap_ctrl_hs |    algo_unpacked    | return value |
|ap_return_131        | out |   64| ap_ctrl_hs |    algo_unpacked    | return value |
|ap_return_132        | out |   64| ap_ctrl_hs |    algo_unpacked    | return value |
|ap_return_133        | out |   64| ap_ctrl_hs |    algo_unpacked    | return value |
|ap_return_134        | out |   64| ap_ctrl_hs |    algo_unpacked    | return value |
|ap_return_135        | out |   64| ap_ctrl_hs |    algo_unpacked    | return value |
|ap_return_136        | out |   64| ap_ctrl_hs |    algo_unpacked    | return value |
|ap_return_137        | out |   64| ap_ctrl_hs |    algo_unpacked    | return value |
|ap_return_138        | out |   64| ap_ctrl_hs |    algo_unpacked    | return value |
|ap_return_139        | out |   64| ap_ctrl_hs |    algo_unpacked    | return value |
|ap_return_140        | out |   64| ap_ctrl_hs |    algo_unpacked    | return value |
|ap_return_141        | out |   64| ap_ctrl_hs |    algo_unpacked    | return value |
|ap_return_142        | out |   64| ap_ctrl_hs |    algo_unpacked    | return value |
|ap_return_143        | out |   64| ap_ctrl_hs |    algo_unpacked    | return value |
|link_in_2d_0_0_V_r   |  in |   64|   ap_none  |  link_in_2d_0_0_V_r |    scalar    |
|link_in_2d_0_1_V_r   |  in |   64|   ap_none  |  link_in_2d_0_1_V_r |    scalar    |
|link_in_2d_0_2_V_r   |  in |   64|   ap_none  |  link_in_2d_0_2_V_r |    scalar    |
|link_in_2d_1_0_V_r   |  in |   64|   ap_none  |  link_in_2d_1_0_V_r |    scalar    |
|link_in_2d_1_1_V_r   |  in |   64|   ap_none  |  link_in_2d_1_1_V_r |    scalar    |
|link_in_2d_1_2_V_r   |  in |   64|   ap_none  |  link_in_2d_1_2_V_r |    scalar    |
|link_in_2d_2_0_V_r   |  in |   64|   ap_none  |  link_in_2d_2_0_V_r |    scalar    |
|link_in_2d_2_1_V_r   |  in |   64|   ap_none  |  link_in_2d_2_1_V_r |    scalar    |
|link_in_2d_2_2_V_r   |  in |   64|   ap_none  |  link_in_2d_2_2_V_r |    scalar    |
|link_in_2d_3_0_V_r   |  in |   64|   ap_none  |  link_in_2d_3_0_V_r |    scalar    |
|link_in_2d_3_1_V_r   |  in |   64|   ap_none  |  link_in_2d_3_1_V_r |    scalar    |
|link_in_2d_3_2_V_r   |  in |   64|   ap_none  |  link_in_2d_3_2_V_r |    scalar    |
|link_in_2d_4_0_V_r   |  in |   64|   ap_none  |  link_in_2d_4_0_V_r |    scalar    |
|link_in_2d_4_1_V_r   |  in |   64|   ap_none  |  link_in_2d_4_1_V_r |    scalar    |
|link_in_2d_4_2_V_r   |  in |   64|   ap_none  |  link_in_2d_4_2_V_r |    scalar    |
|link_in_2d_5_0_V_r   |  in |   64|   ap_none  |  link_in_2d_5_0_V_r |    scalar    |
|link_in_2d_5_1_V_r   |  in |   64|   ap_none  |  link_in_2d_5_1_V_r |    scalar    |
|link_in_2d_5_2_V_r   |  in |   64|   ap_none  |  link_in_2d_5_2_V_r |    scalar    |
|link_in_2d_6_0_V_r   |  in |   64|   ap_none  |  link_in_2d_6_0_V_r |    scalar    |
|link_in_2d_6_1_V_r   |  in |   64|   ap_none  |  link_in_2d_6_1_V_r |    scalar    |
|link_in_2d_6_2_V_r   |  in |   64|   ap_none  |  link_in_2d_6_2_V_r |    scalar    |
|link_in_2d_7_0_V_r   |  in |   64|   ap_none  |  link_in_2d_7_0_V_r |    scalar    |
|link_in_2d_7_1_V_r   |  in |   64|   ap_none  |  link_in_2d_7_1_V_r |    scalar    |
|link_in_2d_7_2_V_r   |  in |   64|   ap_none  |  link_in_2d_7_2_V_r |    scalar    |
|link_in_2d_8_0_V_r   |  in |   64|   ap_none  |  link_in_2d_8_0_V_r |    scalar    |
|link_in_2d_8_1_V_r   |  in |   64|   ap_none  |  link_in_2d_8_1_V_r |    scalar    |
|link_in_2d_8_2_V_r   |  in |   64|   ap_none  |  link_in_2d_8_2_V_r |    scalar    |
|link_in_2d_9_0_V_r   |  in |   64|   ap_none  |  link_in_2d_9_0_V_r |    scalar    |
|link_in_2d_9_1_V_r   |  in |   64|   ap_none  |  link_in_2d_9_1_V_r |    scalar    |
|link_in_2d_9_2_V_r   |  in |   64|   ap_none  |  link_in_2d_9_2_V_r |    scalar    |
|link_in_2d_10_0_V_s  |  in |   64|   ap_none  | link_in_2d_10_0_V_s |    scalar    |
|link_in_2d_10_1_V_s  |  in |   64|   ap_none  | link_in_2d_10_1_V_s |    scalar    |
|link_in_2d_10_2_V_s  |  in |   64|   ap_none  | link_in_2d_10_2_V_s |    scalar    |
|link_in_2d_11_0_V_s  |  in |   64|   ap_none  | link_in_2d_11_0_V_s |    scalar    |
|link_in_2d_11_1_V_s  |  in |   64|   ap_none  | link_in_2d_11_1_V_s |    scalar    |
|link_in_2d_11_2_V_s  |  in |   64|   ap_none  | link_in_2d_11_2_V_s |    scalar    |
|link_in_2d_12_0_V_s  |  in |   64|   ap_none  | link_in_2d_12_0_V_s |    scalar    |
|link_in_2d_12_1_V_s  |  in |   64|   ap_none  | link_in_2d_12_1_V_s |    scalar    |
|link_in_2d_12_2_V_s  |  in |   64|   ap_none  | link_in_2d_12_2_V_s |    scalar    |
|link_in_2d_13_0_V_s  |  in |   64|   ap_none  | link_in_2d_13_0_V_s |    scalar    |
|link_in_2d_13_1_V_s  |  in |   64|   ap_none  | link_in_2d_13_1_V_s |    scalar    |
|link_in_2d_13_2_V_s  |  in |   64|   ap_none  | link_in_2d_13_2_V_s |    scalar    |
|link_in_2d_14_0_V_s  |  in |   64|   ap_none  | link_in_2d_14_0_V_s |    scalar    |
|link_in_2d_14_1_V_s  |  in |   64|   ap_none  | link_in_2d_14_1_V_s |    scalar    |
|link_in_2d_14_2_V_s  |  in |   64|   ap_none  | link_in_2d_14_2_V_s |    scalar    |
|link_in_2d_15_0_V_s  |  in |   64|   ap_none  | link_in_2d_15_0_V_s |    scalar    |
|link_in_2d_15_1_V_s  |  in |   64|   ap_none  | link_in_2d_15_1_V_s |    scalar    |
|link_in_2d_15_2_V_s  |  in |   64|   ap_none  | link_in_2d_15_2_V_s |    scalar    |
|link_in_2d_16_0_V_s  |  in |   64|   ap_none  | link_in_2d_16_0_V_s |    scalar    |
|link_in_2d_16_1_V_s  |  in |   64|   ap_none  | link_in_2d_16_1_V_s |    scalar    |
|link_in_2d_16_2_V_s  |  in |   64|   ap_none  | link_in_2d_16_2_V_s |    scalar    |
|link_in_2d_17_0_V_s  |  in |   64|   ap_none  | link_in_2d_17_0_V_s |    scalar    |
|link_in_2d_17_1_V_s  |  in |   64|   ap_none  | link_in_2d_17_1_V_s |    scalar    |
|link_in_2d_17_2_V_s  |  in |   64|   ap_none  | link_in_2d_17_2_V_s |    scalar    |
|link_in_2d_18_0_V_s  |  in |   64|   ap_none  | link_in_2d_18_0_V_s |    scalar    |
|link_in_2d_18_1_V_s  |  in |   64|   ap_none  | link_in_2d_18_1_V_s |    scalar    |
|link_in_2d_18_2_V_s  |  in |   64|   ap_none  | link_in_2d_18_2_V_s |    scalar    |
|link_in_2d_19_0_V_s  |  in |   64|   ap_none  | link_in_2d_19_0_V_s |    scalar    |
|link_in_2d_19_1_V_s  |  in |   64|   ap_none  | link_in_2d_19_1_V_s |    scalar    |
|link_in_2d_19_2_V_s  |  in |   64|   ap_none  | link_in_2d_19_2_V_s |    scalar    |
|link_in_2d_20_0_V_s  |  in |   64|   ap_none  | link_in_2d_20_0_V_s |    scalar    |
|link_in_2d_20_1_V_s  |  in |   64|   ap_none  | link_in_2d_20_1_V_s |    scalar    |
|link_in_2d_20_2_V_s  |  in |   64|   ap_none  | link_in_2d_20_2_V_s |    scalar    |
|link_in_2d_21_0_V_s  |  in |   64|   ap_none  | link_in_2d_21_0_V_s |    scalar    |
|link_in_2d_21_1_V_s  |  in |   64|   ap_none  | link_in_2d_21_1_V_s |    scalar    |
|link_in_2d_21_2_V_s  |  in |   64|   ap_none  | link_in_2d_21_2_V_s |    scalar    |
|link_in_2d_22_0_V_s  |  in |   64|   ap_none  | link_in_2d_22_0_V_s |    scalar    |
|link_in_2d_22_1_V_s  |  in |   64|   ap_none  | link_in_2d_22_1_V_s |    scalar    |
|link_in_2d_22_2_V_s  |  in |   64|   ap_none  | link_in_2d_22_2_V_s |    scalar    |
|link_in_2d_23_0_V_s  |  in |   64|   ap_none  | link_in_2d_23_0_V_s |    scalar    |
|link_in_2d_23_1_V_s  |  in |   64|   ap_none  | link_in_2d_23_1_V_s |    scalar    |
|link_in_2d_23_2_V_s  |  in |   64|   ap_none  | link_in_2d_23_2_V_s |    scalar    |
|link_in_2d_24_0_V_s  |  in |   64|   ap_none  | link_in_2d_24_0_V_s |    scalar    |
|link_in_2d_24_1_V_s  |  in |   64|   ap_none  | link_in_2d_24_1_V_s |    scalar    |
|link_in_2d_24_2_V_s  |  in |   64|   ap_none  | link_in_2d_24_2_V_s |    scalar    |
|link_in_2d_25_0_V_s  |  in |   64|   ap_none  | link_in_2d_25_0_V_s |    scalar    |
|link_in_2d_25_1_V_s  |  in |   64|   ap_none  | link_in_2d_25_1_V_s |    scalar    |
|link_in_2d_25_2_V_s  |  in |   64|   ap_none  | link_in_2d_25_2_V_s |    scalar    |
|link_in_2d_26_0_V_s  |  in |   64|   ap_none  | link_in_2d_26_0_V_s |    scalar    |
|link_in_2d_26_1_V_s  |  in |   64|   ap_none  | link_in_2d_26_1_V_s |    scalar    |
|link_in_2d_26_2_V_s  |  in |   64|   ap_none  | link_in_2d_26_2_V_s |    scalar    |
|link_in_2d_27_0_V_s  |  in |   64|   ap_none  | link_in_2d_27_0_V_s |    scalar    |
|link_in_2d_27_1_V_s  |  in |   64|   ap_none  | link_in_2d_27_1_V_s |    scalar    |
|link_in_2d_27_2_V_s  |  in |   64|   ap_none  | link_in_2d_27_2_V_s |    scalar    |
|link_in_2d_28_0_V_s  |  in |   64|   ap_none  | link_in_2d_28_0_V_s |    scalar    |
|link_in_2d_28_1_V_s  |  in |   64|   ap_none  | link_in_2d_28_1_V_s |    scalar    |
|link_in_2d_28_2_V_s  |  in |   64|   ap_none  | link_in_2d_28_2_V_s |    scalar    |
|link_in_2d_29_0_V_s  |  in |   64|   ap_none  | link_in_2d_29_0_V_s |    scalar    |
|link_in_2d_29_1_V_s  |  in |   64|   ap_none  | link_in_2d_29_1_V_s |    scalar    |
|link_in_2d_29_2_V_s  |  in |   64|   ap_none  | link_in_2d_29_2_V_s |    scalar    |
|link_in_2d_30_0_V_s  |  in |   64|   ap_none  | link_in_2d_30_0_V_s |    scalar    |
|link_in_2d_30_1_V_s  |  in |   64|   ap_none  | link_in_2d_30_1_V_s |    scalar    |
|link_in_2d_30_2_V_s  |  in |   64|   ap_none  | link_in_2d_30_2_V_s |    scalar    |
|link_in_2d_31_0_V_s  |  in |   64|   ap_none  | link_in_2d_31_0_V_s |    scalar    |
|link_in_2d_31_1_V_s  |  in |   64|   ap_none  | link_in_2d_31_1_V_s |    scalar    |
|link_in_2d_31_2_V_s  |  in |   64|   ap_none  | link_in_2d_31_2_V_s |    scalar    |
|link_in_2d_32_0_V_s  |  in |   64|   ap_none  | link_in_2d_32_0_V_s |    scalar    |
|link_in_2d_32_1_V_s  |  in |   64|   ap_none  | link_in_2d_32_1_V_s |    scalar    |
|link_in_2d_32_2_V_s  |  in |   64|   ap_none  | link_in_2d_32_2_V_s |    scalar    |
|link_in_2d_33_0_V_s  |  in |   64|   ap_none  | link_in_2d_33_0_V_s |    scalar    |
|link_in_2d_33_1_V_s  |  in |   64|   ap_none  | link_in_2d_33_1_V_s |    scalar    |
|link_in_2d_33_2_V_s  |  in |   64|   ap_none  | link_in_2d_33_2_V_s |    scalar    |
|link_in_2d_34_0_V_s  |  in |   64|   ap_none  | link_in_2d_34_0_V_s |    scalar    |
|link_in_2d_34_1_V_s  |  in |   64|   ap_none  | link_in_2d_34_1_V_s |    scalar    |
|link_in_2d_34_2_V_s  |  in |   64|   ap_none  | link_in_2d_34_2_V_s |    scalar    |
|link_in_2d_35_0_V_s  |  in |   64|   ap_none  | link_in_2d_35_0_V_s |    scalar    |
|link_in_2d_35_1_V_s  |  in |   64|   ap_none  | link_in_2d_35_1_V_s |    scalar    |
|link_in_2d_35_2_V_s  |  in |   64|   ap_none  | link_in_2d_35_2_V_s |    scalar    |
|link_in_2d_36_0_V_s  |  in |   64|   ap_none  | link_in_2d_36_0_V_s |    scalar    |
|link_in_2d_36_1_V_s  |  in |   64|   ap_none  | link_in_2d_36_1_V_s |    scalar    |
|link_in_2d_36_2_V_s  |  in |   64|   ap_none  | link_in_2d_36_2_V_s |    scalar    |
|link_in_2d_37_0_V_s  |  in |   64|   ap_none  | link_in_2d_37_0_V_s |    scalar    |
|link_in_2d_37_1_V_s  |  in |   64|   ap_none  | link_in_2d_37_1_V_s |    scalar    |
|link_in_2d_37_2_V_s  |  in |   64|   ap_none  | link_in_2d_37_2_V_s |    scalar    |
|link_in_2d_38_0_V_s  |  in |   64|   ap_none  | link_in_2d_38_0_V_s |    scalar    |
|link_in_2d_38_1_V_s  |  in |   64|   ap_none  | link_in_2d_38_1_V_s |    scalar    |
|link_in_2d_38_2_V_s  |  in |   64|   ap_none  | link_in_2d_38_2_V_s |    scalar    |
|link_in_2d_39_0_V_s  |  in |   64|   ap_none  | link_in_2d_39_0_V_s |    scalar    |
|link_in_2d_39_1_V_s  |  in |   64|   ap_none  | link_in_2d_39_1_V_s |    scalar    |
|link_in_2d_39_2_V_s  |  in |   64|   ap_none  | link_in_2d_39_2_V_s |    scalar    |
|link_in_2d_40_0_V_s  |  in |   64|   ap_none  | link_in_2d_40_0_V_s |    scalar    |
|link_in_2d_40_1_V_s  |  in |   64|   ap_none  | link_in_2d_40_1_V_s |    scalar    |
|link_in_2d_40_2_V_s  |  in |   64|   ap_none  | link_in_2d_40_2_V_s |    scalar    |
|link_in_2d_41_0_V_s  |  in |   64|   ap_none  | link_in_2d_41_0_V_s |    scalar    |
|link_in_2d_41_1_V_s  |  in |   64|   ap_none  | link_in_2d_41_1_V_s |    scalar    |
|link_in_2d_41_2_V_s  |  in |   64|   ap_none  | link_in_2d_41_2_V_s |    scalar    |
|link_in_2d_42_0_V_s  |  in |   64|   ap_none  | link_in_2d_42_0_V_s |    scalar    |
|link_in_2d_42_1_V_s  |  in |   64|   ap_none  | link_in_2d_42_1_V_s |    scalar    |
|link_in_2d_42_2_V_s  |  in |   64|   ap_none  | link_in_2d_42_2_V_s |    scalar    |
|link_in_2d_43_0_V_s  |  in |   64|   ap_none  | link_in_2d_43_0_V_s |    scalar    |
|link_in_2d_43_1_V_s  |  in |   64|   ap_none  | link_in_2d_43_1_V_s |    scalar    |
|link_in_2d_43_2_V_s  |  in |   64|   ap_none  | link_in_2d_43_2_V_s |    scalar    |
|link_in_2d_44_0_V_s  |  in |   64|   ap_none  | link_in_2d_44_0_V_s |    scalar    |
|link_in_2d_44_1_V_s  |  in |   64|   ap_none  | link_in_2d_44_1_V_s |    scalar    |
|link_in_2d_44_2_V_s  |  in |   64|   ap_none  | link_in_2d_44_2_V_s |    scalar    |
|link_in_2d_45_0_V_s  |  in |   64|   ap_none  | link_in_2d_45_0_V_s |    scalar    |
|link_in_2d_45_1_V_s  |  in |   64|   ap_none  | link_in_2d_45_1_V_s |    scalar    |
|link_in_2d_45_2_V_s  |  in |   64|   ap_none  | link_in_2d_45_2_V_s |    scalar    |
|link_in_2d_46_0_V_s  |  in |   64|   ap_none  | link_in_2d_46_0_V_s |    scalar    |
|link_in_2d_46_1_V_s  |  in |   64|   ap_none  | link_in_2d_46_1_V_s |    scalar    |
|link_in_2d_46_2_V_s  |  in |   64|   ap_none  | link_in_2d_46_2_V_s |    scalar    |
|link_in_2d_47_0_V_s  |  in |   64|   ap_none  | link_in_2d_47_0_V_s |    scalar    |
|link_in_2d_47_1_V_s  |  in |   64|   ap_none  | link_in_2d_47_1_V_s |    scalar    |
|link_in_2d_47_2_V_s  |  in |   64|   ap_none  | link_in_2d_47_2_V_s |    scalar    |
+---------------------+-----+-----+------------+---------------------+--------------+

