

================================================================
== Vivado HLS Report for 'mergeClusters'
================================================================
* Date:           Mon Jan 21 16:13:52 2019

* Version:        2018.2 (Build 2258646 on Thu Jun 14 20:25:20 MDT 2018)
* Project:        proj
* Solution:       solution1
* Product family: virtex7
* Target device:  xc7vx690tffg1927-2


================================================================
== Performance Estimates
================================================================
+ Timing (ns): 
    * Summary: 
    +--------+-------+----------+------------+
    |  Clock | Target| Estimated| Uncertainty|
    +--------+-------+----------+------------+
    |ap_clk  |   8.33|     1.783|        1.04|
    +--------+-------+----------+------------+

+ Latency (clock cycles): 
    * Summary: 
    +-----+-----+-----+-----+----------+
    |  Latency  |  Interval | Pipeline |
    | min | max | min | max |   Type   |
    +-----+-----+-----+-----+----------+
    |    0|    0|    1|    1| function |
    +-----+-----+-----+-----+----------+

    + Detail: 
        * Instance: 
        N/A

        * Loop: 
        N/A



================================================================
== Utilization Estimates
================================================================
* Summary: 
+-----------------+---------+-------+--------+--------+
|       Name      | BRAM_18K| DSP48E|   FF   |   LUT  |
+-----------------+---------+-------+--------+--------+
|DSP              |        -|      -|       -|       -|
|Expression       |        -|      -|       0|     109|
|FIFO             |        -|      -|       -|       -|
|Instance         |        -|      -|       -|       -|
|Memory           |        -|      -|       -|       -|
|Multiplexer      |        -|      -|       -|       -|
|Register         |        -|      -|       -|       -|
+-----------------+---------+-------+--------+--------+
|Total            |        0|      0|       0|     109|
+-----------------+---------+-------+--------+--------+
|Available        |     2940|   3600|  866400|  433200|
+-----------------+---------+-------+--------+--------+
|Utilization (%)  |        0|      0|       0|   ~0   |
+-----------------+---------+-------+--------+--------+

+ Detail: 
    * Instance: 
    N/A

    * DSP48: 
    N/A

    * Memory: 
    N/A

    * FIFO: 
    N/A

    * Expression: 
    +-----------------------------+----------+-------+---+----+------------+------------+
    |        Variable Name        | Operation| DSP48E| FF| LUT| Bitwidth P0| Bitwidth P1|
    +-----------------------------+----------+-------+---+----+------------+------------+
    |tmp_2_fu_96_p2               |     +    |      0|  0|  23|          16|          16|
    |tmp_fu_84_p2                 |   icmp   |      0|  0|   9|           3|           3|
    |tmp_s_fu_90_p2               |   icmp   |      0|  0|  13|          16|          16|
    |cet1_write_assign_fu_118_p3  |  select  |      0|  0|  16|           1|          16|
    |cet2_write_assign_fu_126_p3  |  select  |      0|  0|  16|           1|          16|
    |p_tmp_s_fu_110_p3            |  select  |      0|  0|  16|           1|           1|
    |tmp_14_s_fu_102_p3           |  select  |      0|  0|  16|           1|          16|
    +-----------------------------+----------+-------+---+----+------------+------------+
    |Total                        |          |      0|  0| 109|          39|          84|
    +-----------------------------+----------+-------+---+----+------------+------------+

    * Multiplexer: 
    N/A

    * Register: 
    N/A



================================================================
== Interface
================================================================
* Summary: 
+-------------+-----+-----+------------+---------------+--------------+
|  RTL Ports  | Dir | Bits|  Protocol  | Source Object |    C Type    |
+-------------+-----+-----+------------+---------------+--------------+
|ap_ready     | out |    1| ap_ctrl_hs | mergeClusters | return value |
|ap_return_0  | out |   16| ap_ctrl_hs | mergeClusters | return value |
|ap_return_1  | out |   16| ap_ctrl_hs | mergeClusters | return value |
|ap_return_2  | out |   16| ap_ctrl_hs | mergeClusters | return value |
|ap_return_3  | out |   16| ap_ctrl_hs | mergeClusters | return value |
|ap_return_4  | out |   16| ap_ctrl_hs | mergeClusters | return value |
|ap_return_5  | out |   16| ap_ctrl_hs | mergeClusters | return value |
|ieta1        |  in |    3|   ap_none  |     ieta1     |    scalar    |
|iphi1        |  in |    4|   ap_none  |     iphi1     |    scalar    |
|icet1        |  in |   16|   ap_none  |     icet1     |    scalar    |
|ieta2        |  in |    3|   ap_none  |     ieta2     |    scalar    |
|iphi2        |  in |   16|   ap_none  |     iphi2     |    scalar    |
|icet2        |  in |   16|   ap_none  |     icet2     |    scalar    |
+-------------+-----+-----+------------+---------------+--------------+

